#AmpliconChromStart	Alias	Position	ProbableRef	rawA	rawC	rawD	rawG	rawI	rawN	rawT	rawDepth	consA	consC	consD	consG	consI	consN	consT	consDepth	
chr17:7577046	TP146	19	C	2	9216						9218		43						43
chr17:7577046	TP146	20	T	2	1					9215	9218							43	43
chr17:7577046	TP146	21	T	3			1			9214	9218							43	43
chr17:7577046	TP146	22	G	7	3		9208				9218				43				43
chr17:7577046	TP146	23	C	17	9184		1			16	9218		43						43
chr17:7577046	TP146	24	G	1			9213			4	9218				43				43
chr17:7577046	TP146	25	G	9	34		9173			2	9218				43				43
chr17:7577046	TP146	26	A	9201	10		7				9218	43							43
chr17:7577046	TP146	27	G	2			9215			1	9218				43				43
chr17:7577046	TP146	28	A	9207	3		7			1	9218	43							43
chr17:7577046	TP146	29	T	1	1	1				9215	9218							43	43
chr17:7577046	TP146	30	T		1					9217	9218							43	43
chr17:7577046	TP146	31	C	3	9214					1	9218		43						43
chr17:7577046	TP146	32	T	2	2					9214	9218							43	43
chr17:7577046	TP146	33	C	3	9213		1			1	9218		43						43
chr17:7577046	TP146	34	T							9218	9218							43	43
chr17:7577046	TP146	35	T		1					9217	9218							43	43
chr17:7577046	TP146	36	C	5	9212					1	9218		43						43
chr17:7577046	TP146	37	C	1	9216					1	9218		43						43
chr17:7577046	TP146	38	T	2			2			9214	9218							43	43
chr17:7577046	TP146	39	C		9217					1	9218		43						43
chr17:7577046	TP146	40	T		4					9214	9218							43	43
chr17:7577046	TP146	41	G	1			9215			2	9218				43				43
chr17:7577046	TP146	42	T	1	1		2			9214	9218							43	43
chr17:7577046	TP146	43	G		2		9213			3	9218				43				43
chr17:7577046	TP146	44	C	1	9217						9218		43						43
chr17:7577046	TP146	45	G	4	1		9209			4	9218				43				43
chr17:7577046	TP146	46	C	4	9209					5	9218		43						43
chr17:7577046	TP146	47	C	1	9216					1	9218		43						43
chr17:7577046	TP146	48	G		1		9216				9217				43				43
chr17:7577046	TP146	49	G		2		9215				9217				43				43
chr17:7577046	TP146	50	T	1	7					9209	9217							43	43
chr17:7577046	TP146	51	C		9214		1			2	9217		43						43
chr17:7577046	TP146	52	T		3					9214	9217							43	43
chr17:7577046	TP146	53	C	5	9211					1	9217		43						43
chr17:7577046	TP146	54	T		2					9215	9217							43	43
chr17:7577046	TP146	55	C		9217						9217		43						43
chr17:7577046	TP146	56	C	1	9215					1	9217		43						43
chr17:7577046	TP146	57	C	4	9211					2	9217		43						43
chr17:7577046	TP146	58	A	9213	2	1	1				9217	43							43
chr17:7577046	TP146	59	G	1	2		9214				9217				43				43
chr17:7577046	TP146	60	G	4			9213				9217				43				43
chr17:7577046	TP146	61	A	9213	1					3	9217	43							43
chr17:7577046	TP146	62	C	6	9209					2	9217		43						43
chr17:7577046	TP146	63	A	9215						2	9217	43							43
chr17:7577046	TP146	64	G	2			9214			1	9217				43				43
chr17:7577046	TP146	65	G	1			9216				9217				43				43
chr17:7577046	TP146	66	C	1	9209					7	9217		43						43
chr17:7577046	TP146	67	A	9210	4		1			1	9216	43							43
chr17:7577046	TP146	68	C	5	9211						9216		43						43
chr17:7577046	TP146	69	A	9211						5	9216	43							43
chr17:7577046	TP146	70	A	9201	15						9216	43							43
chr17:7577046	TP146	71	A	9214	1					1	9216	43							43
chr17:7577046	TP146	72	C	1	9214					1	9216		43						43
chr17:7577046	TP146	73	A	9213	1		1			1	9216	43							43
chr17:7577046	TP146	74	C	10	9205					1	9216		43						43
chr17:7577046	TP146	75	G	5			9203			8	9216				43				43
chr17:7577046	TP146	76	C	1	9214		1				9216		43						43
chr17:7577046	TP146	77	A	9210	1		3			1	9215	43							43
chr17:7577046	TP146	78	C	4	9211						9215		43						43
chr17:7577046	TP146	79	C	6	9208		1				9215		43						43
chr17:7577046	TP146	80	T	1						9214	9215							43	43
chr17:7577055		0	G				2				2				2				2
chr17:7577055		1	C		2						2		2						2
chr17:7577055		2	T							2	2							2	2
chr17:7577055		3	C		2						2		2						2
chr17:7577055		4	C		2						2		2						2
chr17:7577055		5	C		2						2		2						2
chr17:7577055		6	C		2						2		2						2
chr17:7577055		7	T							2	2							2	2
chr17:7577055		8	T							2	2							2	2
chr17:7577055		9	T							2	2							2	2
chr17:7577055		10	C		2						2		2						2
chr17:7577055		11	T							2	2							2	2
chr17:7577055		12	T							2	2							2	2
chr17:7577055		13	G				2				2				2				2
chr17:7577055		14	C		2						2		2						2
chr17:7577055		15	G				2				2				2				2
chr17:7577055		16	G				2				2				2				2
chr17:7577055		17	A	1	1						2	1	1						2
chr17:7577055		18	G				2				2				2				2
chr17:7577055		19	A	2							2	2							2
chr17:7577055		20	T							2	2							2	2
chr17:7577055		21	T							2	2							2	2
chr17:7577055		22	C		2						2		2						2
chr17:7577055		23	T							2	2							2	2
chr17:7577055		24	C		2						2		2						2
chr17:7577055		25	T							2	2							2	2
chr17:7577055		26	T							2	2							2	2
chr17:7577055		27	C		2						2		2						2
chr17:7577055		28	C		2						2		2						2
chr17:7577055		29	T							2	2							2	2
chr17:7577055		30	C		2						2		2						2
chr17:7577055		31	T							2	2							2	2
chr17:7577055		32	G				2				2				2				2
chr17:7577055		33	T							2	2							2	2
chr17:7577055		34	G				2				2				2				2
chr17:7577055		35	C		2						2		2						2
chr17:7577055		36	G				2				2				2				2
chr17:7577055		37	C		2						2		2						2
chr17:7577055		38	C		2						2		2						2
chr17:7577055		39	G				2				2				2				2
chr17:7577055		40	G				2				2				2				2
chr17:7577055		41	T							2	2							2	2
chr17:7577055		42	C		2						2		2						2
chr17:7577055		43	T							2	2							2	2
chr17:7577055		44	C		2						2		2						2
chr17:7577055		45	T							2	2							2	2
chr17:7577055		46	C		2						2		2						2
chr17:7577055		47	A	1	1						2	1	1						2
chr17:7577055		48	C		2						2		2						2
chr17:7577055		49	A	2							2	2							2
chr17:7577055		50	G				2				2				2				2
chr17:7577055		51	G				2				2				2				2
chr17:7577055		52	A	2							2	2							2
chr17:7577055		53	C		2						2		2						2
chr17:7577055		54	A	2							2	2							2
chr17:7577055		55	G				2				2				2				2
chr17:7577055		56	G				2				2				2				2
chr17:7577055		57	C		2						2		2						2
chr17:7577055		58	A	2							2	2							2
chr17:7577055		59	C		2						2		2						2
chr17:7577055		60	A	2							2	2							2
chr17:7577055		61	A	2							2	2							2
chr17:7577055		62	A	2							2	2							2
chr17:7577055		63	C		2						2		2						2
chr17:7577055		64	A	2							2	2							2
chr17:7577055		65	C		2						2		2						2
chr17:7577055		66	G				2				2				2				2
chr17:7577055		67	C		2						2		2						2
chr17:7577055		68	A	2							2	2							2
chr17:7577055		69	C		2						2		2						2
chr17:7577055		70	C		2						2		2						2
chr17:7577055		71	T							2	2							2	2
chr17:7577055		72	C		2						2		2						2
chr17:7577055		73	A	2							2	2							2
chr17:7577055		74	A	2							2	2							2
chr17:7577055		75	A	2							2	2							2
chr17:7577055		76	G				2				2				2				2
chr17:7577055		77	C		2						2		2						2
chr17:7577055		78	T							2	2							2	2
chr17:7577055		79	G				2				2				2				2
chr17:7577055		80	T							2	2							2	2
chr17:7577055		81	T							2	2							2	2
chr17:7577055		82	C		2						2		2						2
chr17:7577055		83	C		2						2		2						2
chr17:7577055		84	G				2				2				2				2
chr17:7577055		85	T							2	2							2	2
chr17:7577055		86	C		2						2		2						2
chr17:7577055		87	C		2						2		2						2
chr17:7577055		88	C		2						2		2						2
chr17:7577055		89	A	2							2	2							2
chr17:7577055		90	G				2				2				2				2
chr17:7577055		91	T							2	2							2	2
chr17:7577055		92	A	1							1	1							1
chr17:7577055		93	G				1				1				1				1
chr17:7577055		94	A	1							1	1							1
chr17:7577055		95	T							1	1							1	1
chr17:7577049		0	G				10				10				10				10
chr17:7577049		1	G				10				10				10				10
chr17:7577049		2	T							10	10							10	10
chr17:7577049		3	G				10				10				10				10
chr17:7577049		4	A	10							10	10							10
chr17:7577049		5	G				10				10				10				10
chr17:7577049		6	G				10				10				10				10
chr17:7577049		7	C		10						10		10						10
chr17:7577049		8	T							10	10							10	10
chr17:7577049		9	C		10						10		10						10
chr17:7577049		10	C		10						10		10						10
chr17:7577049		11	C		10						10		10						10
chr17:7577049		12	C		10						10		10						10
chr17:7577049		13	T							10	10							10	10
chr17:7577049		14	T							10	10							10	10
chr17:7577049		15	T							10	10							10	10
chr17:7577049		16	C		10						10		10						10
chr17:7577049		17	T							10	10							10	10
chr17:7577049		18	T							10	10							10	10
chr17:7577049		19	G				10				10				10				10
chr17:7577049		20	C		10						10		10						10
chr17:7577049		21	G				10				10				10				10
chr17:7577049		22	G				10				10				10				10
chr17:7577049		23	A	10							10	10							10
chr17:7577049		24	G				10				10				10				10
chr17:7577049		25	A	10							10	10							10
chr17:7577049		26	T							10	10							10	10
chr17:7577049		27	T							10	10							10	10
chr17:7577049		28	C		10						10		10						10
chr17:7577049		29	T							10	10							10	10
chr17:7577049		30	C		10						10		10						10
chr17:7577049		31	T							10	10							10	10
chr17:7577049		32	T							10	10							10	10
chr17:7577049		33	C		10						10		10						10
chr17:7577049		34	C		10						10		10						10
chr17:7577049		35	T							10	10							10	10
chr17:7577049		36	C		10						10		10						10
chr17:7577049		37	T							10	10							10	10
chr17:7577049		38	G				10				10				10				10
chr17:7577049		39	T							10	10							10	10
chr17:7577049		40	G				10				10				10				10
chr17:7577049		41	C		10						10		10						10
chr17:7577049		42	G				10				10				10				10
chr17:7577049		43	C		10						10		10						10
chr17:7577049		44	C		10						10		10						10
chr17:7577049		45	G				10				10				10				10
chr17:7577049		46	G				10				10				10				10
chr17:7577049		47	T							10	10							10	10
chr17:7577049		48	C		10						10		10						10
chr17:7577049		49	T							10	10							10	10
chr17:7577049		50	C		10						10		10						10
chr17:7577049		51	T							10	10							10	10
chr17:7577049		52	C		10						10		10						10
chr17:7577049		53	C		10						10		10						10
chr17:7577049		54	C		10						10		10						10
chr17:7577049		55	A	10							10	10							10
chr17:7577049		56	G				10				10				10				10
chr17:7577049		57	G				10				10				10				10
chr17:7577049		58	A	10							10	10							10
chr17:7577049		59	C		10						10		10						10
chr17:7577049		60	A	10							10	10							10
chr17:7577049		61	G				10				10				10				10
chr17:7577049		62	G				10				10				10				10
chr17:7577049		63	C		10						10		10						10
chr17:7577049		64	A	10							10	10							10
chr17:7577049		65	C		10						10		10						10
chr17:7577049		66	A	10							10	10							10
chr17:7577049		67	A	10							10	10							10
chr17:7577049		68	A	10							10	10							10
chr17:7577049		69	C		10						10		10						10
chr17:7577049		70	A	10							10	10							10
chr17:7577049		71	C		10						10		10						10
chr17:7577049		72	G				10				10				10				10
chr17:7577049		73	C		10						10		10						10
chr17:7577049		74	A	10							10	10							10
chr17:7577049		75	C		10						10		10						10
chr17:7577049		76	C		10						10		10						10
chr17:7577049		77	T							10	10							10	10
chr17:7577049		78	C		10						10		10						10
chr17:7577049		79	A	10							10	10							10
chr17:7577049		80	A	10							10	10							10
chr17:7577049		81	A	9			1				10	9			1				10
chr17:7577049		82	G				10				10				10				10
chr17:7577049		83	C		9					1	10		9					1	10
chr17:7577049		84	T							10	10							10	10
chr17:7577049		85	G				10				10				10				10
chr17:7577049		86	T							10	10							10	10
chr17:7577049		87	T							10	10							10	10
chr17:7577049		88	C		10						10		10						10
chr17:7577049		89	C		10						10		10						10
chr17:7577049		90	G				10				10				10				10
chr17:7577049		91	T							10	10							10	10
chr17:7577049		92	C		10						10		10						10
chr17:7577049		93	C		10						10		10						10
chr17:7577049		94	C		10						10		10						10
chr17:7577049		95	A	10							10	10							10
chr17:7577049		96	G				10				10				10				10
chr17:7577049		97	T							10	10							10	10
chr17:7577049		98	A	10							10	10							10
chr17:7577049		99	G				10				10				10				10
chr17:7577049		100	A	10							10	10							10
chr17:7577049		101	T							10	10							10	10
chr17:7577045		0	T							249	249							1	1
chr17:7577045		1	C		249						249		1						1
chr17:7577045		2	G				249				249				1				1
chr17:7577045		3	T							249	249							1	1
chr17:7577045		4	G				249				249				1				1
chr17:7577045		5	G				249				249				1				1
chr17:7577045		6	T		1					248	249							1	1
chr17:7577045		7	G				249				249				1				1
chr17:7577045		8	A	249							249	1							1
chr17:7577045		9	G				249				249				1				1
chr17:7577045		10	G	1			248				249				1				1
chr17:7577045		11	C	1	248						249		1						1
chr17:7577045		12	T	1	1					247	249							1	1
chr17:7577045		13	C		249						249		1						1
chr17:7577045		14	C		249						249		1						1
chr17:7577045		15	C		249						249		1						1
chr17:7577045		16	C		249						249		1						1
chr17:7577045		17	T							249	249							1	1
chr17:7577045		18	T							249	249							1	1
chr17:7577045		19	T							249	249							1	1
chr17:7577045		20	C		249						249		1						1
chr17:7577045		21	T							249	249							1	1
chr17:7577045		22	T							249	249							1	1
chr17:7577045		23	G				249				249				1				1
chr17:7577045		24	C		249						249		1						1
chr17:7577045		25	G	2			247				249				1				1
chr17:7577045		26	G				249				249				1				1
chr17:7577045		27	A	249							249	1							1
chr17:7577045		28	G				249				249				1				1
chr17:7577045		29	A	248			1				249	1							1
chr17:7577045		30	T							249	249							1	1
chr17:7577045		31	T							249	249							1	1
chr17:7577045		32	C		249						249		1						1
chr17:7577045		33	T							249	249							1	1
chr17:7577045		34	C		249						249		1						1
chr17:7577045		35	T							249	249							1	1
chr17:7577045		36	T							249	249							1	1
chr17:7577045		37	C		249						249		1						1
chr17:7577045		38	C		249						249		1						1
chr17:7577045		39	T							249	249							1	1
chr17:7577045		40	C		249						249		1						1
chr17:7577045		41	T							249	249							1	1
chr17:7577045		42	G				249				249				1				1
chr17:7577045		43	T							249	249							1	1
chr17:7577045		44	G				249				249				1				1
chr17:7577045		45	C		249						249		1						1
chr17:7577045		46	G				249				249				1				1
chr17:7577045		47	C		249						249		1						1
chr17:7577045		48	C		249						249		1						1
chr17:7577045		49	G				249				249				1				1
chr17:7577045		50	G				249				249				1				1
chr17:7577045		51	T							249	249							1	1
chr17:7577045		52	C		248					1	249		1						1
chr17:7577045		53	T							249	249							1	1
chr17:7577045		54	C		249						249		1						1
chr17:7577045		55	T							249	249							1	1
chr17:7577045		56	C		249						249		1						1
chr17:7577045		57	C		249						249		1						1
chr17:7577045		58	C		249						249		1						1
chr17:7577045		59	A	247	1					1	249	1							1
chr17:7577045		60	G				249				249				1				1
chr17:7577045		61	G				249				249				1				1
chr17:7577045		62	A	248						1	249	1							1
chr17:7577045		63	C		249						249		1						1
chr17:7577045		64	A	249							249	1							1
chr17:7577045		65	G				249				249				1				1
chr17:7577045		66	G	1			248				249				1				1
chr17:7577045		67	C		249						249		1						1
chr17:7577045		68	A	249							249	1							1
chr17:7577045		69	C	1	248						249		1						1
chr17:7577045		70	A	249							249	1							1
chr17:7577045		71	A	249							249	1							1
chr17:7577045		72	A	249							249	1							1
chr17:7577045		73	C		249						249		1						1
chr17:7577045		74	A	249							249	1							1
chr17:7577045		75	C		249						249		1						1
chr17:7577045		76	G				249				249				1				1
chr17:7577045		77	C	1	248						249		1						1
chr17:7577045		78	A	249							249	1							1
chr17:7577045		79	C		249						249		1						1
chr17:7577045		80	C	1	248						249		1						1
chr17:7577045		81	T		1					248	249							1	1
chr17:7577045		82	C		249						249		1						1
chr17:7577045		83	A	249							249	1							1
chr17:7577045		84	A	249							249	1							1
chr17:7577045		85	A	249							249	1							1
chr17:7577045		86	G				249				249				1				1
chr17:7577045		87	C		249						249		1						1
chr17:7577045		88	T							249	249							1	1
chr17:7577045		89	G				249				249				1				1
chr17:7577045		90	T							249	249							1	1
chr17:7577045		91	T							249	249							1	1
chr17:7577045		92	C	1	248						249		1						1
chr17:7577045		93	C		248					1	249		1						1
chr17:7577045		94	G		1		248				249				1				1
chr17:7577045		95	T							249	249							1	1
chr17:7577045		96	C		249						249		1						1
chr17:7577045		97	C		249						249		1						1
chr17:7577045		98	C		249						249		1						1
chr17:7577045		99	A	249							249	1							1
chr17:7577045		100	G				249				249				1				1
chr17:7577045		101	T							249	249							1	1
chr17:7577045		102	A	249							249	1							1
chr17:7577045		103	G				249				249				1				1
chr17:7577045		104	A	249							249	1							1
chr17:7577045		105	T							248	248							1	1
